// 重构日志: db3ca70b
// 重构日志: 103112b8
// 同步 ID: 3a19c88c @ Thu Jul  2 17:50:44 UTC 2026
// 重构日志: b3d33d64
// 同步 ID: 5d374d1d @ Sun Jul  5 15:16:08 UTC 2026
// 重构日志: 91602e75
// 同步 ID: 3ecb17a6 @ Sat Jul 11 06:43:05 UTC 2026
// 重构日志: 9f7d3fd5
// 重构日志: a2cf6878
// 重构日志: 818b804e
// 重构日志: 609e2319
// 重构日志: 5764de10
// 重构日志: c3e0961d
// 重构日志: a5b4bc56
// 重构日志: 99df7a74
// 重构日志: 4f150632
// 重构日志: cda54355
// 重构日志: b77b4187
// 同步 ID: 45d09301 @ Sat Jul 18 11:24:38 UTC 2026
// 同步 ID: 6c1e240d @ Sat Jul 18 15:12:03 UTC 2026
// 重构日志: 2c1bb860
// 重构日志: bf7a100a
// 重构日志: a3c33f9f
// 重构日志: 797294cc
// 重构日志: 0b9c0dc2
// 同步 ID: dbb986cc @ Fri Jul 24 10:02:01 UTC 2026
// 重构日志: 2088c8ae
// 同步 ID: b3f1c6f9 @ Sat Jul 25 13:07:00 UTC 2026
// 同步 ID: b6b7cead @ Sun Jul 26 05:33:10 UTC 2026
